
> crm-web@0.0.0 build
> tsc -b && vite build

src/graphql/queries/customers.ts(4,1): error TS6192: All imports in import declaration are unused.
src/pages/CustomerDetailsForm.tsx(1,19): error TS2307: Cannot find module './Field' or its corresponding type declarations.
src/pages/CustomerDetailsForm.tsx(2,34): error TS2307: Cannot find module '../components/LocationAutocomplete' or its corresponding type declarations.
src/pages/CustomerDetailsForm.tsx(3,26): error TS2307: Cannot find module './ToggleSwitch' or its corresponding type declarations.
src/pages/CustomerDetailsForm.tsx(345,26): error TS7006: Parameter 'next' implicitly has an 'any' type.
src/pages/CustomerDetailsForm.tsx(553,24): error TS7006: Parameter 'next' implicitly has an 'any' type.
src/pages/CustomerFormPage.tsx(22,5): error TS6133: 'LockIcon' is declared but its value is never read.
src/pages/CustomerFormPage.tsx(288,26): error TS2304: Cannot find name 'CheckIcon'.
src/pages/CustomerFormPage.tsx(736,18): error TS2304: Cannot find name 'ChevronRightIcon'.
src/pages/CustomerFormPage.tsx(757,34): error TS2304: Cannot find name 'UserIcon'.
src/pages/CustomerFormPage.tsx(773,127): error TS2304: Cannot find name 'CheckIcon'.
src/pages/CustomerFormPage.tsx(813,108): error TS2304: Cannot find name 'ChevronRightIcon'.
src/pages/CustomerFormPage.tsx(861,34): error TS2304: Cannot find name 'HomeIcon'.
src/pages/Customers.tsx(3,19): error TS2307: Cannot find module '../components/Panel' or its corresponding type declarations.
src/pages/Customers.tsx(4,23): error TS2307: Cannot find module '../components/StepBadge' or its corresponding type declarations.
src/pages/Customers.tsx(5,25): error TS2307: Cannot find module '../components/PricingCard' or its corresponding type declarations.
src/pages/Customers.tsx(8,8): error TS2307: Cannot find module '../components/CustomerDetailsForm' or its corresponding type declarations.
src/pages/Customers.tsx(9,26): error TS2307: Cannot find module '../components/TariffSelect' or its corresponding type declarations.
src/pages/Customers.tsx(13,8): error TS2307: Cannot find module '../components/InlineSignup' or its corresponding type declarations.
src/pages/Customers.tsx(14,41): error TS2307: Cannot find module '../data/rateLoader' or its corresponding type declarations.
src/pages/Customers.tsx(15,23): error TS2307: Cannot find module '../data/packs' or its corresponding type declarations.
src/pages/Customers.tsx(16,25): error TS2307: Cannot find module '../auth/AuthProvider' or its corresponding type declarations.
src/pages/Customers.tsx(17,29): error TS2307: Cannot find module '../components/SnackbarProvider' or its corresponding type declarations.
src/pages/Customers.tsx(18,31): error TS2307: Cannot find module '../lib/navigation' or its corresponding type declarations.
src/pages/Customers.tsx(47,8): error TS2307: Cannot find module 'lucide-react' or its corresponding type declarations.
src/pages/Customers.tsx(48,20): error TS2307: Cannot find module '../firebase' or its corresponding type declarations.
src/pages/Customers.tsx(50,3): error TS6133: 'addDoc' is declared but its value is never read.
src/pages/Customers.tsx(51,3): error TS6133: 'collection' is declared but its value is never read.
src/pages/Customers.tsx(54,3): error TS6133: 'getDocs' is declared but its value is never read.
src/pages/Customers.tsx(55,3): error TS6133: 'limit' is declared but its value is never read.
src/pages/Customers.tsx(56,3): error TS6133: 'query' is declared but its value is never read.
src/pages/Customers.tsx(57,3): error TS6133: 'serverTimestamp' is declared but its value is never read.
src/pages/Customers.tsx(58,3): error TS6133: 'setDoc' is declared but its value is never read.
src/pages/Customers.tsx(59,3): error TS6133: 'updateDoc' is declared but its value is never read.
src/pages/Customers.tsx(60,3): error TS6133: 'where' is declared but its value is never read.
src/pages/Customers.tsx(61,8): error TS2307: Cannot find module 'firebase/firestore' or its corresponding type declarations.
src/pages/Customers.tsx(62,1): error TS6133: 'getAuth' is declared but its value is never read.
src/pages/Customers.tsx(62,25): error TS2307: Cannot find module 'firebase/auth' or its corresponding type declarations.
src/pages/Customers.tsx(64,37): error TS2307: Cannot find module '../utils/userFriendlyError' or its corresponding type declarations.
src/pages/Customers.tsx(65,1): error TS6133: 'FROZEN_STATUS' is declared but its value is never read.
src/pages/Customers.tsx(65,31): error TS2307: Cannot find module '../constants/status' or its corresponding type declarations.
src/pages/Customers.tsx(66,51): error TS2307: Cannot find module '../lib/api/customers' or its corresponding type declarations.
src/pages/Customers.tsx(247,10): error TS6133: 'mergeAddressParts' is declared but its value is never read.
src/pages/Customers.tsx(262,7): error TS6133: 'EMAIL_API_URL' is declared but its value is never read.
src/pages/Customers.tsx(300,7): error TS6133: 'absoluteUrl' is declared but its value is never read.
src/pages/Customers.tsx(345,10): error TS6133: 'rateCount' is declared but its value is never read.
src/pages/Customers.tsx(348,14): error TS7006: Parameter 'r' implicitly has an 'any' type.
src/pages/Customers.tsx(399,20): error TS7006: Parameter 'prev' implicitly has an 'any' type.
src/pages/Customers.tsx(473,20): error TS7006: Parameter 'prev' implicitly has an 'any' type.
src/pages/Customers.tsx(481,20): error TS7006: Parameter 'prev' implicitly has an 'any' type.
src/pages/Customers.tsx(496,21): error TS7006: Parameter 'p' implicitly has an 'any' type.
src/pages/Customers.tsx(588,18): error TS7006: Parameter 'resp' implicitly has an 'any' type.
src/pages/Customers.tsx(610,19): error TS7006: Parameter 'err' implicitly has an 'any' type.
src/pages/Customers.tsx(636,18): error TS7006: Parameter 'resp' implicitly has an 'any' type.
src/pages/Customers.tsx(658,19): error TS7006: Parameter 'err' implicitly has an 'any' type.
src/pages/Customers.tsx(711,51): error TS7006: Parameter 'response' implicitly has an 'any' type.
src/pages/Customers.tsx(880,15): error TS7006: Parameter 'err' implicitly has an 'any' type.
src/pages/Customers.tsx(1118,18): error TS6133: 'ensureId' is declared but its value is never read.
src/pages/Customers.tsx(1290,36): error TS7006: Parameter 'p' implicitly has an 'any' type.
src/pages/Customers.tsx(1291,39): error TS7006: Parameter 'p' implicitly has an 'any' type.
src/pages/Customers.tsx(1368,11): error TS6133: 'id' is declared but its value is never read.
src/pages/Customers.tsx(1394,36): error TS7006: Parameter 'p' implicitly has an 'any' type.
src/pages/Customers.tsx(1395,39): error TS7006: Parameter 'p' implicitly has an 'any' type.
src/pages/Customers.tsx(1550,34): error TS7006: Parameter 'prev' implicitly has an 'any' type.
src/pages/Customers.tsx(1592,38): error TS7006: Parameter 'prev' implicitly has an 'any' type.
